[33m▲ [43;33m[[43;30mWARNING[43;33m][0m [1mVectorize Index bindings do not support local development, and so parts of your Worker may not work correctly. You can set `remote: true` for the binding definition in your configuration file to access a remote version of the resource.[0m


[33m▲ [43;33m[[43;30mWARNING[43;33m][0m [1mScheduled Workers are not automatically triggered during local development.[0m

  To manually trigger a scheduled event, run:
    curl "http://127.0.0.1:8787/cdn-cgi/local/scheduled"
  For more details, see [4mhttps://developers.cloudflare.com/workers/configuration/cron-triggers/#test-cron-triggers-locally[0m


[33m▲ [43;33m[[43;30mWARNING[43;33m][0m [1mVectorize Index bindings do not support local development, and so parts of your Worker may not work correctly. You can set `remote: true` for the binding definition in your configuration file to access a remote version of the resource.[0m


[33m▲ [43;33m[[43;30mWARNING[43;33m][0m [1mVectorize Index bindings do not support local development, and so parts of your Worker may not work correctly. You can set `remote: true` for the binding definition in your configuration file to access a remote version of the resource.[0m


[33m▲ [43;33m[[43;30mWARNING[43;33m][0m [1mVectorize Index bindings do not support local development, and so parts of your Worker may not work correctly. You can set `remote: true` for the binding definition in your configuration file to access a remote version of the resource.[0m


[33m▲ [43;33m[[43;30mWARNING[43;33m][0m [1mVectorize Index bindings do not support local development, and so parts of your Worker may not work correctly. You can set `remote: true` for the binding definition in your configuration file to access a remote version of the resource.[0m


[33m▲ [43;33m[[43;30mWARNING[43;33m][0m [1mVectorize Index bindings do not support local development, and so parts of your Worker may not work correctly. You can set `remote: true` for the binding definition in your configuration file to access a remote version of the resource.[0m


[33m▲ [43;33m[[43;30mWARNING[43;33m][0m [1mVectorize Index bindings do not support local development, and so parts of your Worker may not work correctly. You can set `remote: true` for the binding definition in your configuration file to access a remote version of the resource.[0m


[33m▲ [43;33m[[43;30mWARNING[43;33m][0m [1mVectorize Index bindings do not support local development, and so parts of your Worker may not work correctly. You can set `remote: true` for the binding definition in your configuration file to access a remote version of the resource.[0m


[33m▲ [43;33m[[43;30mWARNING[43;33m][0m [1mVectorize Index bindings do not support local development, and so parts of your Worker may not work correctly. You can set `remote: true` for the binding definition in your configuration file to access a remote version of the resource.[0m


[33m▲ [43;33m[[43;30mWARNING[43;33m][0m [1mVectorize Index bindings do not support local development, and so parts of your Worker may not work correctly. You can set `remote: true` for the binding definition in your configuration file to access a remote version of the resource.[0m


[33m▲ [43;33m[[43;30mWARNING[43;33m][0m [1mVectorize Index bindings do not support local development, and so parts of your Worker may not work correctly. You can set `remote: true` for the binding definition in your configuration file to access a remote version of the resource.[0m


[33m▲ [43;33m[[43;30mWARNING[43;33m][0m [1mVectorize Index bindings do not support local development, and so parts of your Worker may not work correctly. You can set `remote: true` for the binding definition in your configuration file to access a remote version of the resource.[0m


[33m▲ [43;33m[[43;30mWARNING[43;33m][0m [1mVectorize Index bindings do not support local development, and so parts of your Worker may not work correctly. You can set `remote: true` for the binding definition in your configuration file to access a remote version of the resource.[0m


[33m▲ [43;33m[[43;30mWARNING[43;33m][0m [1mVectorize Index bindings do not support local development, and so parts of your Worker may not work correctly. You can set `remote: true` for the binding definition in your configuration file to access a remote version of the resource.[0m


[33m▲ [43;33m[[43;30mWARNING[43;33m][0m [1mVectorize Index bindings do not support local development, and so parts of your Worker may not work correctly. You can set `remote: true` for the binding definition in your configuration file to access a remote version of the resource.[0m


[31mX [41;31m[[41;97mERROR[41;31m][0m [1m[0m


🪵  Logs were written to "C:\Users\mutat\.wrangler\logs\wrangler-2026-08-13_14-32-09_413.log"
